PLINK v1.90p 64-bit (11 Dec 2023)
Options in effect:
  --allow-extra-chr
  --bfile /Users/halimaabdulsalam/Plasmodium-WGS-ARISE/PlasmoGenomics/plasmo_genomics/results/admixture/files/pruned_variants_final
  --chr NC_031401.1 NC_041775.1 NC_041776.1 NC_041777.1 NC_041778.1 NC_041779.1 NC_041780.1 NC_041781.1 NC_041782.1 NC_041783.1 NC_041784.1 NC_041785.1 NC_041786.1 NC_041787.1 NC_041788.1
  --make-bed
  --out /Users/halimaabdulsalam/Plasmodium-WGS-ARISE/PlasmoGenomics/plasmo_genomics/results/admixture/files/pruned_variants_filtered

Hostname: Heebee.local
Working directory: /Users/halimaabdulsalam/Plasmodium-WGS-ARISE/PlasmoGenomics/plasmo_genomics/scripts
Start time: Wed Apr 23 07:43:54 2025

Random number seed: 1745390634
16384 MB RAM detected; reserving 8192 MB for main workspace.
218524 out of 224802 variants loaded from .bim file.
5 people (0 males, 0 females, 5 ambiguous) loaded from .fam.
Ambiguous sex IDs written to
/Users/halimaabdulsalam/Plasmodium-WGS-ARISE/PlasmoGenomics/plasmo_genomics/results/admixture/files/pruned_variants_filtered.nosex
.
Using 1 thread (no multithreaded calculations invoked).
Before main variant filters, 5 founders and 0 nonfounders present.
Calculating allele frequencies... done.
Total genotyping rate is 0.935302.
218524 variants and 5 people pass filters and QC.
Note: No phenotypes present.
--make-bed to
/Users/halimaabdulsalam/Plasmodium-WGS-ARISE/PlasmoGenomics/plasmo_genomics/results/admixture/files/pruned_variants_filtered.bed
+
/Users/halimaabdulsalam/Plasmodium-WGS-ARISE/PlasmoGenomics/plasmo_genomics/results/admixture/files/pruned_variants_filtered.bim
+
/Users/halimaabdulsalam/Plasmodium-WGS-ARISE/PlasmoGenomics/plasmo_genomics/results/admixture/files/pruned_variants_filtered.fam
... done.

End time: Wed Apr 23 07:43:54 2025
