PLINK v1.90p 64-bit (11 Dec 2023)
Options in effect:
  --allow-extra-chr
  --bfile filtered_data
  --indep-pairwise 50 5 0.8
  --out pruned_data

Hostname: Heebee.local
Working directory: /Users/halimaabdulsalam/Plasmodium-WGS-ARISE/PlasmoGenomics/plasmo_genomics/analysis_results/pca
Start time: Tue Apr 22 21:02:29 2025

Random number seed: 1745352149
16384 MB RAM detected; reserving 8192 MB for main workspace.
224802 variants loaded from .bim file.
5 people (0 males, 0 females, 5 ambiguous) loaded from .fam.
Ambiguous sex IDs written to pruned_data.nosex .
Using 1 thread (no multithreaded calculations invoked).
Before main variant filters, 5 founders and 0 nonfounders present.
Calculating allele frequencies... done.
Total genotyping rate is 0.93267.
224802 variants and 5 people pass filters and QC.
Note: No phenotypes present.
Pruned 79 variants from chromosome 27, leaving 10.
Pruned 12273 variants from chromosome 28, leaving 1568.
Pruned 2634 variants from chromosome 29, leaving 421.
Pruned 11572 variants from chromosome 30, leaving 1676.
Pruned 4683 variants from chromosome 31, leaving 666.
Pruned 16508 variants from chromosome 32, leaving 2309.
Pruned 3182 variants from chromosome 33, leaving 438.
Pruned 15260 variants from chromosome 34, leaving 2107.
Pruned 27610 variants from chromosome 35, leaving 3464.
Pruned 9816 variants from chromosome 36, leaving 1459.
Pruned 15048 variants from chromosome 37, leaving 1926.
Pruned 15792 variants from chromosome 38, leaving 2306.
Pruned 11552 variants from chromosome 39, leaving 1765.
Pruned 24185 variants from chromosome 40, leaving 3207.
Pruned 21731 variants from chromosome 41, leaving 3277.
Pruned 538 variants from chromosome 42, leaving 85.
Pruned 2176 variants from chromosome 43, leaving 266.
Pruned 231 variants from chromosome 44, leaving 16.
Pruned 2615 variants from chromosome 45, leaving 351.
Pruning complete.  197485 of 224802 variants removed.
Marker lists written to pruned_data.prune.in and pruned_data.prune.out .

End time: Tue Apr 22 21:02:29 2025
